\BOOKMARK [0][-]{chapter.1}{\376\377\000N\000u\000m\000b\000e\000r\000e\000d\000\040\000t\000e\000s\000t\000\040\000c\000h\000a\000p\000t\000e\000r\000\040\000o\000n\000e}{}% 1
\BOOKMARK [1][-]{section.1.1}{\376\377\000T\000e\000s\000t\000\040\000s\000e\000c\000t\000i\000o\000n\000\040\000o\000n\000e}{chapter.1}% 2
\BOOKMARK [2][-]{subsection.1.1.1}{\376\377\000t\000e\000s\000t\000\040\000s\000u\000b\000s\000e\000c\000t\000i\000o\000n\000\040\000o\000n\000e\000\040\000o\000n\000e}{section.1.1}% 3
\BOOKMARK [2][-]{subsection.1.1.2}{\376\377\000t\000e\000s\000t\000\040\000s\000u\000b\000s\000e\000c\000t\000i\000o\000n\000\040\000o\000n\000e\000\040\000t\000w\000o}{section.1.1}% 4
